
> bar-course-academy@1.0.0 dev
> vite --host 0.0.0.0 --port 5173

[2m13:27:40[22m [36m[1m[vite][22m[39m [90m[2m(client)[22m[39m Re-optimizing dependencies because lockfile has changed

  [32m[1mVITE[22m v7.3.3[39m  [2mready in [0m[1m278[22m[2m[0m ms[22m

  [32m➜[39m  [1mLocal[22m:   [36mhttp://localhost:[1m5173[22m/[39m
  [32m➜[39m  [1mNetwork[22m: [36mhttp://172.18.0.1:[1m5173[22m/[39m
  [32m➜[39m  [1mNetwork[22m: [36mhttp://10.192.212.183:[1m5173[22m/[39m
[2m[32m  ➜[39m[22m[2m  press [22m[1mh + enter[22m[2m to show help[22m
[2m13:33:20[22m [36m[1m[vite][22m[39m [90m[2m(client)[22m[39m [32mpage reload [39m[2msrc/App.jsx[22m
[2m13:43:40[22m [36m[1m[vite][22m[39m [90m[2m(client)[22m[39m [32mpage reload [39m[2msrc/App.jsx[22m
[2m13:44:46[22m [36m[1m[vite][22m[39m [90m[2m(client)[22m[39m [32mhmr update [39m[2m/src/styles.css[22m
[2m13:45:16[22m [36m[1m[vite][22m[39m [90m[2m(client)[22m[39m [32mhmr update [39m[2m/src/styles.css[22m
[2m13:45:24[22m [36m[1m[vite][22m[39m [90m[2m(client)[22m[39m [32mhmr update [39m[2m/src/styles.css[22m
[2m13:45:32[22m [36m[1m[vite][22m[39m [90m[2m(client)[22m[39m [32mhmr update [39m[2m/src/styles.css[22m
[2m13:47:22[22m [36m[1m[vite][22m[39m [90m[2m(client)[22m[39m [32mpage reload [39m[2msrc/App.jsx[22m
[2m13:59:22[22m [36m[1m[vite][22m[39m [90m[2m(client)[22m[39m [32mpage reload [39m[2msrc/App.jsx[22m
[2m13:59:57[22m [36m[1m[vite][22m[39m [90m[2m(client)[22m[39m [32mhmr update [39m[2m/src/styles.css[22m
[2m14:00:11[22m [36m[1m[vite][22m[39m [90m[2m(client)[22m[39m [32mpage reload [39m[2msrc/App.jsx[22m
[2m14:00:21[22m [36m[1m[vite][22m[39m [90m[2m(client)[22m[39m [32mhmr update [39m[2m/src/styles.css[22m
[2m14:02:07[22m [36m[1m[vite][22m[39m [90m[2m(client)[22m[39m [32mhmr update [39m[2m/src/styles.css[22m
[2m22:03:16[22m [36m[1m[vite][22m[39m [90m[2m(client)[22m[39m [32mpage reload [39m[2msrc/App.jsx[22m
[2m22:03:30[22m [36m[1m[vite][22m[39m [90m[2m(client)[22m[39m [32mpage reload [39m[2msrc/App.jsx[22m
[2m22:03:56[22m [36m[1m[vite][22m[39m [90m[2m(client)[22m[39m [32mpage reload [39m[2msrc/App.jsx[22m
[2m22:04:23[22m [36m[1m[vite][22m[39m [90m[2m(client)[22m[39m [32mhmr update [39m[2m/src/styles.css[22m
[2m22:04:35[22m [36m[1m[vite][22m[39m [90m[2m(client)[22m[39m [32mhmr update [39m[2m/src/styles.css[22m
[2m22:19:11[22m [36m[1m[vite][22m[39m [90m[2m(client)[22m[39m [32mpage reload [39m[2msrc/App.jsx[22m
[2m22:19:26[22m [36m[1m[vite][22m[39m [90m[2m(client)[22m[39m [32mhmr update [39m[2m/src/styles.css[22m
[2m22:20:10[22m [36m[1m[vite][22m[39m [90m[2m(client)[22m[39m [32mpage reload [39m[2msrc/App.jsx[22m
[2m22:20:27[22m [36m[1m[vite][22m[39m [90m[2m(client)[22m[39m [32mhmr update [39m[2m/src/styles.css[22m
[2m22:21:35[22m [36m[1m[vite][22m[39m [90m[2m(client)[22m[39m [32mhmr update [39m[2m/src/styles.css[22m
[2m22:21:47[22m [36m[1m[vite][22m[39m [90m[2m(client)[22m[39m [32mhmr update [39m[2m/src/styles.css[22m
[2m23:12:48[22m [36m[1m[vite][22m[39m [90m[2m(client)[22m[39m [32mpage reload [39m[2msrc/App.jsx[22m
[2m23:13:35[22m [36m[1m[vite][22m[39m [90m[2m(client)[22m[39m [32mpage reload [39m[2msrc/App.jsx[22m
[2m23:14:17[22m [36m[1m[vite][22m[39m [90m[2m(client)[22m[39m [32mpage reload [39m[2msrc/App.jsx[22m
[2m23:14:32[22m [36m[1m[vite][22m[39m [90m[2m(client)[22m[39m [32mpage reload [39m[2mindex.html[22m
[2m23:15:11[22m [36m[1m[vite][22m[39m [90m[2m(client)[22m[39m [32mpage reload [39m[2msrc/App.jsx[22m
[2m23:16:47[22m [36m[1m[vite][22m[39m [90m[2m(client)[22m[39m [32mpage reload [39m[2msrc/App.jsx[22m
[2m01:52:45[22m [36m[1m[vite][22m[39m [90m[2m(client)[22m[39m [32mpage reload [39m[2msrc/App.jsx[22m
[2m01:53:08[22m [36m[1m[vite][22m[39m [90m[2m(client)[22m[39m [32mhmr update [39m[2m/src/styles.css[22m
[2m01:57:18[22m [36m[1m[vite][22m[39m [90m[2m(client)[22m[39m [32mpage reload [39m[2msrc/App.jsx[22m
[2m01:57:18[22m [31m[1m[vite][22m[39m [31m[2m(client)[22m[39m Pre-transform error: Transform failed with 1 error:
C:/Users/gribu/Desktop/vlad/src/App.jsx:532:130: ERROR: Unexpected closing "h1" tag does not match opening "h2" tag
  Plugin: [35mvite:esbuild[39m
  File: [36mC:/Users/gribu/Desktop/vlad/src/App.jsx[39m:532:130
[33m  
  [33mUnexpected closing "h1" tag does not match opening "h2" tag[33m
  532 |              <h2>Мастер-классы по барному делу с характером премиального бара</h1>
  533 |              <p>
  534 |                Разбираем коктейли, темп смены, продажу вкуса и уверенное поведение в ресторанной
      |                                  ^
  535 |                индустрии.
  536 |              </p>
  [39m
[2m01:57:18[22m [31m[1m[vite][22m[39m [31mInternal server error: Transform failed with 1 error:
C:/Users/gribu/Desktop/vlad/src/App.jsx:532:130: ERROR: Unexpected closing "h1" tag does not match opening "h2" tag[39m
  Plugin: [35mvite:esbuild[39m
  File: [36mC:/Users/gribu/Desktop/vlad/src/App.jsx[39m:532:130
[33m  
  [33mUnexpected closing "h1" tag does not match opening "h2" tag[33m
  532 |              <h2>Мастер-классы по барному делу с характером премиального бара</h1>
  533 |              <p>
  534 |                Разбираем коктейли, темп смены, продажу вкуса и уверенное поведение в ресторанной
      |                                  ^
  535 |                индустрии.
  536 |              </p>
  [39m
      at failureErrorWithLog (C:\Users\gribu\Desktop\vlad\node_modules\esbuild\lib\main.js:1748:15)
      at C:\Users\gribu\Desktop\vlad\node_modules\esbuild\lib\main.js:1017:50
      at responseCallbacks.<computed> (C:\Users\gribu\Desktop\vlad\node_modules\esbuild\lib\main.js:884:9)
      at handleIncomingPacket (C:\Users\gribu\Desktop\vlad\node_modules\esbuild\lib\main.js:939:12)
      at Socket.readFromStdout (C:\Users\gribu\Desktop\vlad\node_modules\esbuild\lib\main.js:862:7)
      at Socket.emit (node:events:509:20)
      at addChunk (node:internal/streams/readable:568:12)
      at readableAddChunkPushByteMode (node:internal/streams/readable:519:3)
      at Readable.push (node:internal/streams/readable:399:5)
      at Pipe.onStreamRead (node:internal/stream_base_commons:189:23)
[2m01:57:22[22m [36m[1m[vite][22m[39m [90m[2m(client)[22m[39m [32mpage reload [39m[2msrc/App.jsx[22m
[2m01:57:34[22m [36m[1m[vite][22m[39m [90m[2m(client)[22m[39m [32mpage reload [39m[2msrc/App.jsx[22m
[2m01:57:35[22m [31m[1m[vite][22m[39m [31m[2m(client)[22m[39m Pre-transform error: Transform failed with 1 error:
C:/Users/gribu/Desktop/vlad/src/App.jsx:532:129: ERROR: Unexpected closing "h2" tag does not match opening "h" tag
  Plugin: [35mvite:esbuild[39m
  File: [36mC:/Users/gribu/Desktop/vlad/src/App.jsx[39m:532:129
[33m  
  [33mUnexpected closing "h2" tag does not match opening "h" tag[33m
  532 |              <h>Мастер-классы по барному делу с характером премиального бара</h2>
  533 |              <p>
  534 |                Разбираем коктейли, темп смены, продажу вкуса и уверенное поведение в ресторанной
      |                                  ^
  535 |                индустрии.
  536 |              </p>
  [39m
[2m01:57:35[22m [31m[1m[vite][22m[39m [31mInternal server error: Transform failed with 1 error:
C:/Users/gribu/Desktop/vlad/src/App.jsx:532:129: ERROR: Unexpected closing "h2" tag does not match opening "h" tag[39m
  Plugin: [35mvite:esbuild[39m
  File: [36mC:/Users/gribu/Desktop/vlad/src/App.jsx[39m:532:129
[33m  
  [33mUnexpected closing "h2" tag does not match opening "h" tag[33m
  532 |              <h>Мастер-классы по барному делу с характером премиального бара</h2>
  533 |              <p>
  534 |                Разбираем коктейли, темп смены, продажу вкуса и уверенное поведение в ресторанной
      |                                  ^
  535 |                индустрии.
  536 |              </p>
  [39m
      at failureErrorWithLog (C:\Users\gribu\Desktop\vlad\node_modules\esbuild\lib\main.js:1748:15)
      at C:\Users\gribu\Desktop\vlad\node_modules\esbuild\lib\main.js:1017:50
      at responseCallbacks.<computed> (C:\Users\gribu\Desktop\vlad\node_modules\esbuild\lib\main.js:884:9)
      at handleIncomingPacket (C:\Users\gribu\Desktop\vlad\node_modules\esbuild\lib\main.js:939:12)
      at Socket.readFromStdout (C:\Users\gribu\Desktop\vlad\node_modules\esbuild\lib\main.js:862:7)
      at Socket.emit (node:events:509:20)
      at addChunk (node:internal/streams/readable:568:12)
      at readableAddChunkPushByteMode (node:internal/streams/readable:519:3)
      at Readable.push (node:internal/streams/readable:399:5)
      at Pipe.onStreamRead (node:internal/stream_base_commons:189:23)
[2m01:57:36[22m [36m[1m[vite][22m[39m [90m[2m(client)[22m[39m [32mpage reload [39m[2msrc/App.jsx[22m
[2m01:57:36[22m [31m[1m[vite][22m[39m [31m[2m(client)[22m[39m Pre-transform error: Transform failed with 1 error:
C:/Users/gribu/Desktop/vlad/src/App.jsx:532:130: ERROR: Unexpected closing "h2" tag does not match opening "h1" tag
  Plugin: [35mvite:esbuild[39m
  File: [36mC:/Users/gribu/Desktop/vlad/src/App.jsx[39m:532:130
[33m  
  [33mUnexpected closing "h2" tag does not match opening "h1" tag[33m
  532 |              <h1>Мастер-классы по барному делу с характером премиального бара</h2>
  533 |              <p>
  534 |                Разбираем коктейли, темп смены, продажу вкуса и уверенное поведение в ресторанной
      |                                  ^
  535 |                индустрии.
  536 |              </p>
  [39m
[2m01:57:36[22m [31m[1m[vite][22m[39m [31mInternal server error: Transform failed with 1 error:
C:/Users/gribu/Desktop/vlad/src/App.jsx:532:130: ERROR: Unexpected closing "h2" tag does not match opening "h1" tag[39m
  Plugin: [35mvite:esbuild[39m
  File: [36mC:/Users/gribu/Desktop/vlad/src/App.jsx[39m:532:130
[33m  
  [33mUnexpected closing "h2" tag does not match opening "h1" tag[33m
  532 |              <h1>Мастер-классы по барному делу с характером премиального бара</h2>
  533 |              <p>
  534 |                Разбираем коктейли, темп смены, продажу вкуса и уверенное поведение в ресторанной
      |                                  ^
  535 |                индустрии.
  536 |              </p>
  [39m
      at failureErrorWithLog (C:\Users\gribu\Desktop\vlad\node_modules\esbuild\lib\main.js:1748:15)
      at C:\Users\gribu\Desktop\vlad\node_modules\esbuild\lib\main.js:1017:50
      at responseCallbacks.<computed> (C:\Users\gribu\Desktop\vlad\node_modules\esbuild\lib\main.js:884:9)
      at handleIncomingPacket (C:\Users\gribu\Desktop\vlad\node_modules\esbuild\lib\main.js:939:12)
      at Socket.readFromStdout (C:\Users\gribu\Desktop\vlad\node_modules\esbuild\lib\main.js:862:7)
      at Socket.emit (node:events:509:20)
      at addChunk (node:internal/streams/readable:568:12)
      at readableAddChunkPushByteMode (node:internal/streams/readable:519:3)
      at Readable.push (node:internal/streams/readable:399:5)
      at Pipe.onStreamRead (node:internal/stream_base_commons:189:23)
[2m01:57:40[22m [36m[1m[vite][22m[39m [90m[2m(client)[22m[39m [32mpage reload [39m[2msrc/App.jsx[22m
[2m02:00:53[22m [36m[1m[vite][22m[39m [90m[2m(client)[22m[39m [32mhmr update [39m[2m/src/styles.css[22m
[2m02:00:53[22m [36m[1m[vite][22m[39m [90m[2m(client)[22m[39m [32mhmr update [39m[2m/src/styles.css[22m
[2m02:02:15[22m [36m[1m[vite][22m[39m [90m[2m(client)[22m[39m [32mhmr update [39m[2m/src/styles.css[22m
[2m02:03:40[22m [36m[1m[vite][22m[39m [90m[2m(client)[22m[39m [32mhmr update [39m[2m/src/styles.css[22m
[2m02:03:43[22m [36m[1m[vite][22m[39m [90m[2m(client)[22m[39m [32mhmr update [39m[2m/src/styles.css[22m
[2m02:05:46[22m [36m[1m[vite][22m[39m [90m[2m(client)[22m[39m [32mhmr update [39m[2m/src/styles.css[22m
